Warning: You are sending unauthenticated requests to the HF Hub. Please set a HF_TOKEN to enable higher rate limits and faster downloads.
Loading weights:   0%|          | 0/338 [00:00<?, ?it/s]Loading weights: 100%|██████████| 338/338 [00:00<00:00, 5342.70it/s]
[coin 1/75] won=False turns=50 (26.0s)
[coin 2/75] won=False turns=50 (28.7s)
[coin 3/75] won=False turns=50 (24.1s)
[coin 4/75] won=True turns=34 (19.0s)
[coin 5/75] won=True turns=1 (0.6s)
[coin 6/75] won=True turns=1 (0.6s)
[coin 7/75] won=False turns=50 (22.5s)
[coin 8/75] won=False turns=50 (28.7s)
[coin 9/75] won=False turns=50 (27.5s)
[coin 10/75] won=True turns=42 (20.9s)
[coin 11/75] won=True turns=17 (8.7s)
[coin 12/75] won=False turns=50 (26.7s)
[coin 13/75] won=True turns=15 (7.5s)
[coin 14/75] won=False turns=50 (29.6s)
[coin 15/75] won=False turns=50 (27.5s)
[coin 16/75] won=True turns=14 (7.3s)
[coin 17/75] won=False turns=50 (25.2s)
[coin 18/75] won=False turns=50 (27.6s)
[coin 19/75] won=True turns=10 (4.3s)
[coin 20/75] won=False turns=50 (17.2s)
[coin 21/75] won=False turns=50 (26.0s)
[coin 22/75] won=False turns=50 (22.5s)
[coin 23/75] won=True turns=5 (1.9s)
[coin 24/75] won=True turns=9 (4.2s)
[coin 25/75] won=True turns=11 (4.8s)
[coin 26/75] won=True turns=49 (22.9s)
[coin 27/75] won=False turns=50 (24.4s)
[coin 28/75] won=False turns=50 (27.9s)
[coin 29/75] won=False turns=50 (19.3s)
[coin 30/75] won=True turns=3 (1.5s)
[coin 31/75] won=True turns=10 (4.9s)
[coin 32/75] won=False turns=50 (22.5s)
[coin 33/75] won=False turns=50 (26.0s)
[coin 34/75] won=True turns=1 (0.6s)
[coin 35/75] won=True turns=1 (0.7s)
[coin 36/75] won=True turns=10 (4.2s)
[coin 37/75] won=True turns=1 (0.7s)
[coin 38/75] won=False turns=50 (26.2s)
[coin 39/75] won=True turns=1 (0.8s)
[coin 40/75] won=True turns=1 (0.9s)
[coin 41/75] won=True turns=10 (4.0s)
[coin 42/75] won=True turns=5 (2.5s)
[coin 43/75] won=True turns=5 (2.7s)
[coin 44/75] won=True turns=4 (2.2s)
[coin 45/75] won=True turns=12 (6.2s)
[coin 46/75] won=False turns=50 (18.2s)
[coin 47/75] won=True turns=6 (3.3s)
[coin 48/75] won=False turns=50 (25.5s)
[coin 49/75] won=True turns=23 (10.6s)
[coin 50/75] won=False turns=50 (26.7s)
[coin 51/75] won=True turns=4 (2.0s)
[coin 52/75] won=True turns=9 (3.9s)
[coin 53/75] won=False turns=50 (21.7s)
[coin 54/75] won=True turns=1 (0.7s)
[coin 55/75] won=False turns=50 (26.1s)
[coin 56/75] won=False turns=50 (22.3s)
[coin 57/75] won=False turns=50 (22.4s)
[coin 58/75] won=True turns=4 (2.0s)
[coin 59/75] won=False turns=50 (27.5s)
[coin 60/75] won=True turns=3 (1.4s)
[coin 61/75] won=False turns=50 (16.9s)
[coin 62/75] won=False turns=50 (26.5s)
[coin 63/75] won=False turns=50 (20.8s)
[coin 64/75] won=True turns=27 (12.9s)
[coin 65/75] won=True turns=10 (4.4s)
[coin 66/75] won=True turns=8 (3.8s)
[coin 67/75] won=True turns=35 (18.7s)
[coin 68/75] won=True turns=25 (12.6s)
[coin 69/75] won=True turns=4 (1.7s)
[coin 70/75] won=True turns=1 (0.6s)
[coin 71/75] won=False turns=50 (19.2s)
[coin 72/75] won=True turns=7 (3.8s)
[coin 73/75] won=False turns=50 (23.5s)
[coin 74/75] won=False turns=50 (19.3s)
[coin 75/75] won=False turns=50 (23.2s)
[simonsays 1/75] won=True turns=15 (4.7s)
[simonsays 2/75] won=False turns=12 (3.5s)
[simonsays 3/75] won=True turns=15 (4.5s)
[simonsays 4/75] won=True turns=15 (4.2s)
[simonsays 5/75] won=False turns=10 (2.7s)
[simonsays 6/75] won=True turns=15 (4.4s)
[simonsays 7/75] won=False turns=4 (1.2s)
[simonsays 8/75] won=True turns=15 (4.1s)
[simonsays 9/75] won=True turns=15 (4.0s)
[simonsays 10/75] won=False turns=11 (3.0s)
[simonsays 11/75] won=True turns=15 (4.0s)
[simonsays 12/75] won=True turns=15 (4.1s)
[simonsays 13/75] won=True turns=15 (4.1s)
[simonsays 14/75] won=True turns=15 (4.0s)
[simonsays 15/75] won=True turns=15 (4.2s)
[simonsays 16/75] won=True turns=15 (4.0s)
[simonsays 17/75] won=True turns=15 (4.2s)
[simonsays 18/75] won=True turns=15 (4.3s)
[simonsays 19/75] won=True turns=15 (4.1s)
[simonsays 20/75] won=True turns=15 (4.2s)
[simonsays 21/75] won=True turns=15 (3.9s)
[simonsays 22/75] won=True turns=15 (4.2s)
[simonsays 23/75] won=True turns=15 (4.1s)
[simonsays 24/75] won=True turns=15 (4.0s)
[simonsays 25/75] won=False turns=5 (1.4s)
[simonsays 26/75] won=True turns=15 (4.1s)
[simonsays 27/75] won=True turns=15 (4.0s)
[simonsays 28/75] won=True turns=15 (4.2s)
[simonsays 29/75] won=True turns=15 (4.1s)
[simonsays 30/75] won=True turns=15 (4.2s)
[simonsays 31/75] won=True turns=15 (4.1s)
[simonsays 32/75] won=True turns=15 (4.1s)
[simonsays 33/75] won=True turns=15 (4.2s)
[simonsays 34/75] won=True turns=15 (4.0s)
[simonsays 35/75] won=True turns=15 (4.2s)
[simonsays 36/75] won=True turns=15 (4.1s)
[simonsays 37/75] won=False turns=12 (3.2s)
[simonsays 38/75] won=True turns=15 (4.2s)
[simonsays 39/75] won=True turns=15 (4.0s)
[simonsays 40/75] won=True turns=15 (4.6s)
[simonsays 41/75] won=True turns=15 (4.1s)
[simonsays 42/75] won=False turns=9 (2.4s)
[simonsays 43/75] won=False turns=1 (0.3s)
[simonsays 44/75] won=True turns=15 (4.2s)
[simonsays 45/75] won=True turns=15 (4.3s)
[simonsays 46/75] won=False turns=15 (4.4s)
[simonsays 47/75] won=True turns=15 (4.0s)
[simonsays 48/75] won=False turns=3 (0.8s)
[simonsays 49/75] won=False turns=10 (2.7s)
[simonsays 50/75] won=True turns=15 (4.2s)
[simonsays 51/75] won=True turns=15 (4.0s)
[simonsays 52/75] won=True turns=15 (4.1s)
[simonsays 53/75] won=False turns=15 (4.1s)
[simonsays 54/75] won=True turns=15 (4.1s)
[simonsays 55/75] won=True turns=15 (4.2s)
[simonsays 56/75] won=True turns=15 (4.0s)
[simonsays 57/75] won=True turns=15 (4.2s)
[simonsays 58/75] won=False turns=1 (0.3s)
[simonsays 59/75] won=True turns=15 (4.1s)
[simonsays 60/75] won=False turns=10 (2.6s)
[simonsays 61/75] won=False turns=2 (0.6s)
[simonsays 62/75] won=True turns=15 (4.2s)
[simonsays 63/75] won=False turns=15 (4.0s)
[simonsays 64/75] won=False turns=1 (0.3s)
[simonsays 65/75] won=True turns=15 (4.1s)
[simonsays 66/75] won=True turns=15 (4.1s)
[simonsays 67/75] won=True turns=15 (4.0s)
[simonsays 68/75] won=True turns=15 (4.2s)
[simonsays 69/75] won=True turns=15 (4.0s)
[simonsays 70/75] won=False turns=4 (1.1s)
[simonsays 71/75] won=False turns=14 (3.9s)
[simonsays 72/75] won=True turns=15 (4.0s)
[simonsays 73/75] won=False turns=2 (0.5s)
[simonsays 74/75] won=False turns=7 (1.9s)
[simonsays 75/75] won=True turns=15 (4.2s)
[peckingorder 1/75] won=True turns=8 (2.9s)
[peckingorder 2/75] won=True turns=18 (6.0s)
[peckingorder 3/75] won=True turns=8 (2.7s)
[peckingorder 4/75] won=True turns=8 (2.5s)
[peckingorder 5/75] won=True turns=8 (2.4s)
[peckingorder 6/75] won=True turns=8 (2.6s)
[peckingorder 7/75] won=True turns=8 (2.5s)
[peckingorder 8/75] won=True turns=11 (3.5s)
[peckingorder 9/75] won=True turns=8 (2.6s)
[peckingorder 10/75] won=True turns=8 (2.3s)
[peckingorder 11/75] won=True turns=8 (2.7s)
[peckingorder 12/75] won=False turns=1 (0.4s)
[peckingorder 13/75] won=True turns=8 (2.4s)
[peckingorder 14/75] won=True turns=8 (2.6s)
[peckingorder 15/75] won=True turns=8 (2.7s)
[peckingorder 16/75] won=True turns=8 (2.4s)
[peckingorder 17/75] won=True turns=7 (2.2s)
[peckingorder 18/75] won=True turns=9 (2.7s)
[peckingorder 19/75] won=False turns=3 (1.0s)
[peckingorder 20/75] won=True turns=8 (2.7s)
[peckingorder 21/75] won=True turns=8 (2.4s)
[peckingorder 22/75] won=True turns=8 (2.5s)
[peckingorder 23/75] won=True turns=8 (2.8s)
[peckingorder 24/75] won=True turns=10 (3.1s)
[peckingorder 25/75] won=True turns=8 (2.4s)
[peckingorder 26/75] won=True turns=9 (2.7s)
[peckingorder 27/75] won=True turns=8 (2.4s)
[peckingorder 28/75] won=True turns=7 (2.3s)
[peckingorder 29/75] won=True turns=8 (3.8s)
[peckingorder 30/75] won=True turns=7 (2.9s)
[peckingorder 31/75] won=True turns=10 (3.1s)
[peckingorder 32/75] won=True turns=8 (2.8s)
[peckingorder 33/75] won=True turns=8 (2.7s)
[peckingorder 34/75] won=True turns=8 (2.5s)
[peckingorder 35/75] won=True turns=8 (2.4s)
[peckingorder 36/75] won=False turns=3 (1.0s)
[peckingorder 37/75] won=True turns=8 (2.6s)
[peckingorder 38/75] won=True turns=8 (2.2s)
[peckingorder 39/75] won=True turns=8 (2.3s)
[peckingorder 40/75] won=True turns=8 (3.0s)
[peckingorder 41/75] won=True turns=11 (3.5s)
[peckingorder 42/75] won=True turns=11 (3.6s)
[peckingorder 43/75] won=True turns=9 (2.7s)
[peckingorder 44/75] won=True turns=9 (2.6s)
[peckingorder 45/75] won=True turns=11 (2.6s)
[peckingorder 46/75] won=True turns=8 (2.8s)
[peckingorder 47/75] won=True turns=8 (2.4s)
[peckingorder 48/75] won=True turns=8 (2.7s)
[peckingorder 49/75] won=True turns=13 (3.7s)
[peckingorder 50/75] won=True turns=8 (2.5s)
[peckingorder 51/75] won=False turns=5 (1.7s)
[peckingorder 52/75] won=True turns=8 (2.7s)
[peckingorder 53/75] won=True turns=8 (2.7s)
[peckingorder 54/75] won=True turns=8 (2.9s)
[peckingorder 55/75] won=False turns=3 (1.0s)
[peckingorder 56/75] won=True turns=12 (3.7s)
[peckingorder 57/75] won=True turns=8 (2.6s)
[peckingorder 58/75] won=True turns=8 (2.6s)
[peckingorder 59/75] won=True turns=8 (2.2s)
[peckingorder 60/75] won=False turns=1 (0.7s)
[peckingorder 61/75] won=True turns=14 (4.3s)
[peckingorder 62/75] won=True turns=8 (2.4s)
[peckingorder 63/75] won=True turns=8 (2.4s)
[peckingorder 64/75] won=True turns=9 (2.7s)
[peckingorder 65/75] won=True turns=8 (2.4s)
[peckingorder 66/75] won=True turns=8 (2.7s)
[peckingorder 67/75] won=True turns=10 (2.8s)
[peckingorder 68/75] won=True turns=8 (2.5s)
[peckingorder 69/75] won=False turns=1 (0.6s)
[peckingorder 70/75] won=True turns=8 (2.3s)
[peckingorder 71/75] won=True turns=10 (3.0s)
[peckingorder 72/75] won=True turns=8 (2.4s)
[peckingorder 73/75] won=True turns=11 (3.3s)
[peckingorder 74/75] won=True turns=8 (2.6s)
[peckingorder 75/75] won=True turns=8 (2.6s)
[mapreader 1/75] won=False turns=50 (22.0s)
[mapreader 2/75] won=False turns=50 (19.3s)
[mapreader 3/75] won=True turns=7 (2.8s)
[mapreader 4/75] won=False turns=50 (19.7s)
[mapreader 5/75] won=False turns=50 (1067.3s)
[mapreader 6/75] won=False turns=50 (26.0s)
[mapreader 7/75] won=False turns=50 (19.1s)
[mapreader 8/75] won=True turns=4 (1.5s)
[mapreader 9/75] won=True turns=23 (8.9s)
[mapreader 10/75] won=False turns=50 (18.4s)
[mapreader 11/75] won=True turns=39 (15.1s)
[mapreader 12/75] won=False turns=50 (19.4s)
[mapreader 13/75] won=False turns=50 (18.5s)
[mapreader 14/75] won=True turns=8 (3.3s)
[mapreader 15/75] won=True turns=4 (1.5s)
[mapreader 16/75] won=False turns=50 (18.9s)
[mapreader 17/75] won=False turns=50 (18.9s)
[mapreader 18/75] won=True turns=7 (2.5s)
[mapreader 19/75] won=False turns=50 (17.1s)
[mapreader 20/75] won=False turns=50 (18.0s)
[mapreader 21/75] won=False turns=50 (20.2s)
[mapreader 22/75] won=True turns=4 (1.4s)
[mapreader 23/75] won=False turns=50 (19.8s)
[mapreader 24/75] won=True turns=6 (2.1s)
[mapreader 25/75] won=False turns=50 (18.7s)
[mapreader 26/75] won=False turns=50 (18.6s)
[mapreader 27/75] won=True turns=7 (2.3s)
[mapreader 28/75] won=False turns=50 (20.0s)
[mapreader 29/75] won=True turns=4 (1.4s)
[mapreader 30/75] won=False turns=50 (18.3s)
[mapreader 31/75] won=False turns=50 (17.6s)
[mapreader 32/75] won=False turns=50 (18.8s)
[mapreader 33/75] won=True turns=8 (3.0s)
[mapreader 34/75] won=True turns=4 (1.5s)
[mapreader 35/75] won=False turns=50 (19.8s)
[mapreader 36/75] won=False turns=50 (19.6s)
[mapreader 37/75] won=True turns=4 (1.4s)
[mapreader 38/75] won=False turns=50 (18.4s)
[mapreader 39/75] won=True turns=6 (2.4s)
[mapreader 40/75] won=False turns=50 (18.6s)
[mapreader 41/75] won=False turns=50 (18.3s)
[mapreader 42/75] won=False turns=50 (20.3s)
[mapreader 43/75] won=False turns=50 (18.7s)
[mapreader 44/75] won=False turns=50 (18.6s)
[mapreader 45/75] won=True turns=49 (18.7s)
[mapreader 46/75] won=False turns=50 (19.1s)
[mapreader 47/75] won=False turns=50 (16.9s)
[mapreader 48/75] won=True turns=8 (3.0s)
[mapreader 49/75] won=False turns=50 (18.8s)
[mapreader 50/75] won=True turns=24 (8.5s)
[mapreader 51/75] won=False turns=50 (19.5s)
[mapreader 52/75] won=False turns=50 (18.2s)
[mapreader 53/75] won=False turns=50 (18.5s)
[mapreader 54/75] won=True turns=4 (1.5s)
[mapreader 55/75] won=False turns=50 (18.3s)
[mapreader 56/75] won=False turns=50 (18.9s)
[mapreader 57/75] won=False turns=50 (18.5s)
[mapreader 58/75] won=False turns=50 (19.2s)
[mapreader 59/75] won=False turns=50 (18.0s)
[mapreader 60/75] won=True turns=4 (1.5s)
[mapreader 61/75] won=False turns=50 (20.6s)
[mapreader 62/75] won=True turns=6 (2.2s)
[mapreader 63/75] won=False turns=50 (20.0s)
[mapreader 64/75] won=True turns=12 (4.6s)
[mapreader 65/75] won=True turns=44 (16.6s)
[mapreader 66/75] won=True turns=4 (1.5s)
[mapreader 67/75] won=False turns=50 (19.4s)
[mapreader 68/75] won=False turns=50 (19.3s)
[mapreader 69/75] won=False turns=50 (20.1s)
[mapreader 70/75] won=False turns=50 (20.0s)
[mapreader 71/75] won=True turns=5 (1.8s)
[mapreader 72/75] won=False turns=50 (19.5s)
[mapreader 73/75] won=True turns=28 (10.7s)
[mapreader 74/75] won=True turns=6 (2.2s)
[mapreader 75/75] won=False turns=50 (19.4s)

Done. Scored 300 episodes -> data/labeled/v5_eval_scores.json
